Starting Single Run, Sweeps and Corners...

Current time: Mon Apr 27 17:26:54 2026 
Best design point: 1
Design specs: 
	GP_PowerDivider:PD_1.5_8_sch:1	corner	ss - 
	S11 max		-10.99	Yes
	S22 max		-9.623	Yes
	S23 max		-9.297	Near
	S21 max		-3.935	Yes
	GP_PowerDivider:PD_1.5_8_sch:1	corner	ff - 
	S11 max		-7.4	Near
	S22 max		-11.22	Yes
	S23 max		-9.142	Near
	S21 max		-4.093	Yes
	GP_PowerDivider:PD_1.5_8_sch:1	corner	Nominal - 
	S11 max		-9.292	Yes
	S22 max		-10.34	Yes
	S23 max		-9.705	Near
	S21 max		-3.761	Yes
Design parameters: 
	wireopt		19
	MOS		"tt_pre"
	L		29u
	W		41u
	Lr		1.8u
	Wr		700n
	Mul		1

Best design point: 7
Design specs: 
	GP_PowerDivider:PD_1.5_8_sch:1	corner	ss - 
	S11 max		-10.99	Yes
	S22 max		-9.52	Yes
	S23 max		-9.243	Near
	S21 max		-3.935	Yes
	GP_PowerDivider:PD_1.5_8_sch:1	corner	ff - 
	S11 max		-7.4	Near
	S22 max		-11.11	Yes
	S23 max		-9.437	Near
	S21 max		-4.093	Yes
	GP_PowerDivider:PD_1.5_8_sch:1	corner	Nominal - 
	S11 max		-9.292	Yes
	S22 max		-10.21	Yes
	S23 max		-9.675	Near
	S21 max		-3.761	Yes
Design parameters: 
	wireopt		19
	MOS		"tt_pre"
	L		29u
	W		41u
	Lr		1.9u
	Wr		700n
	Mul		1

Best design point: 13
Design specs: 
	GP_PowerDivider:PD_1.5_8_sch:1	corner	ss - 
	S11 max		-10.99	Yes
	S22 max		-9.422	Yes
	S23 max		-9.189	Near
	S21 max		-3.935	Yes
	GP_PowerDivider:PD_1.5_8_sch:1	corner	ff - 
	S11 max		-7.4	Near
	S22 max		-11	Yes
	S23 max		-9.727	Near
	S21 max		-4.093	Yes
	GP_PowerDivider:PD_1.5_8_sch:1	corner	Nominal - 
	S11 max		-9.292	Yes
	S22 max		-10.1	Yes
	S23 max		-9.641	Near
	S21 max		-3.761	Yes
Design parameters: 
	wireopt		19
	MOS		"tt_pre"
	L		29u
	W		41u
	Lr		2u
	Wr		700n
	Mul		1

Interactive.2
Number of points completed: 18
Number of simulation errors: 0
Interactive.2 completed. 
Current time: Mon Apr 27 17:29:34 2026 
