Starting Local Optimization...

Current time: Mon Apr 27 17:13:49 2026 
Best design point: 1
Design specs: 
	GP_PowerDivider:PD_1.5_8_sch:1	corner	ss - 
	S11 max		-10.99	Yes
	S22 max		-9.422	Yes
	S23 max		-9.189	Near
	S21 max		-3.935	Yes
	GP_PowerDivider:PD_1.5_8_sch:1	corner	ff - 
	S11 max		-7.4	Near
	S22 max		-11	Yes
	S23 max		-9.727	Near
	S21 max		-4.093	Yes
	GP_PowerDivider:PD_1.5_8_sch:1	corner	Nominal - 
	S11 max		-9.292	Yes
	S22 max		-10.1	Yes
	S23 max		-9.641	Near
	S21 max		-3.761	Yes
Design parameters: 
	wireopt		19
	MOS		"tt_pre"
	L		29u
	W		41u
	Lr		2u
	Wr		700n
	Mul		1

LocalOpt.28 stopped because ADE GXL cannot find a better design point.
Number of points completed: 8
Number of simulation errors: 0
LocalOpt.28 completed. 
Current time: Mon Apr 27 17:15:00 2026 
