Starting Local Optimization...

Current time: Sat Apr 25 16:04:21 2026 
Best design point: 1
Design specs: 
	GP_PowerDivider:PD_1.5_8_sch:1	corner	ss - 
	S11 max		-8.098	No
	S22 max		-9.506	Near
	S23 max		-7.892	No
	GP_PowerDivider:PD_1.5_8_sch:1	corner	ff - 
	S11 max		-7.037	No
	S22 max		-11.47	Yes
	S23 max		-9.17	Near
	GP_PowerDivider:PD_1.5_8_sch:1	corner	Nominal - 
	S11 max		-8.813	No
	S22 max		-10.37	Yes
	S23 max		-8.89	No
Design parameters: 
	wireopt		19
	MOS		"tt_pre"
	L		28u
	W		38u
	Lr		1.7u
	Wr		640n

Best design point: 6
Design specs: 
	GP_PowerDivider:PD_1.5_8_sch:1	corner	ss - 
	S11 max		-8.087	No
	S22 max		-9.388	Near
	S23 max		-7.921	No
	GP_PowerDivider:PD_1.5_8_sch:1	corner	ff - 
	S11 max		-7.037	No
	S22 max		-11.33	Yes
	S23 max		-9.483	Near
	GP_PowerDivider:PD_1.5_8_sch:1	corner	Nominal - 
	S11 max		-8.813	No
	S22 max		-10.23	Yes
	S23 max		-8.899	No
Design parameters: 
	wireopt		19
	MOS		"tt_pre"
	L		28u
	W		38u
	Lr		1.8u
	Wr		640n

Received stop signal from user. 
LocalOpt.9 completed. 
Current time: Sat Apr 25 16:05:41 2026 
