Starting Single Run, Sweeps and Corners...

Current time: Tue Apr 20 13:28:51 2027 
Best design point: 1
Design specs: 
	GP:LNA_first_stage_feedback:1	corner	Nominal - 
	Gain		-91.36	No
	NF		88.9	No
	OIP3		-78.46	No
Design parameters: 
	wireopt		19

Best design point: 2
Design specs: 
	GP:LNA_first_stage_feedback:1	corner	Nominal - 
	Gain		-2.513	No
	NF		12.11	No
	OIP3		-8.308	No
Design parameters: 
	wireopt		19

Interactive.756
Number of points completed: 2
Number of simulation errors: 0
Interactive.756 completed. 
Current time: Tue Apr 20 13:29:24 2027 
