Starting Single Run, Sweeps and Corners...

Current time: Mon Jun 22 18:01:22 2026 
Best design point: 1
Design specs: 
	GP_lib:VGA_full_tb:1	corner	FF_cold - 
	Vnin		553.8p
	BW		1.185G
	Phase Margin		59.4
	ipnCurves		Error	No
	Output Referred IP3 Point		Error	No
	v (/VOP /VON); hb_mt dB20(V)		Error	No
	value(db((vfreq('ac "/VOP") - vfreq('ac "/VON"))) 1)		38.97
Design parameters: 
	wireopt		19
	STATE_TOTAL		1

Interactive.3
Number of points completed: 1
Number of simulation errors: 3
Interactive.3 completed. 
Current time: Mon Jun 22 18:01:32 2026 
