Starting Single Run, Sweeps and Corners...

Current time: Sun Mar  1 04:20:10 2026 
Best design point: 1
Design specs: 
	Graduation_project:TSPC_DFF_Cell:1	corner	C0 - 
	Delay LH		9.573p
	Delay HL		19.45p
	Graduation_project:TSPC_DFF_Cell:1	corner	C1 - 
	Delay LH		15.05p
	Delay HL		54.75p
	Graduation_project:TSPC_DFF_Cell:1	corner	Nominal - 
	Delay LH		12.34p
	Delay HL		32.22p
Design parameters: 
	wireopt		19
	Ton		5n
	Ts		10n
	VDD		800m
	Muln		1
	Mulp		2
	NFn		100
	NFp		100

Interactive.20
Number of points completed: 1
Number of simulation errors: 0
Interactive.20 completed. 
Current time: Sun Mar  1 04:22:04 2026 
