Starting Monte Carlo Sampling...

Current time: Sun Mar  1 04:23:14 2026 

Variation: All
Sampling Method: Random
Seed: 1234

MonteCarlo.0
Number of points completed: 100
Number of simulation errors: 200
MonteCarlo.0 completed. 
Current time: Sun Mar  1 04:26:39 2026 
Monte Carlo Sampling yield summary:
Number of spec values are in this yield data: 6
Graduation_project:TSPC_DFF_Cell:1	Nominal - 
	Delay HL:	Yield	100%
		Min 2.72611e-11	Max 3.67522e-11	Mean 3.26467e-11	Number of errors 0
Graduation_project:TSPC_DFF_Cell:1	C0 - 
	Delay HL:	Yield	0%
		Min 0	Max 0	Mean 0	Number of errors 100
Graduation_project:TSPC_DFF_Cell:1	C1 - 
	Delay HL:	Yield	0%
		Min 0	Max 0	Mean 0	Number of errors 100
Graduation_project:TSPC_DFF_Cell:1	Nominal - 
	Delay LH:	Yield	100%
		Min 1.12056e-11	Max 1.33365e-11	Mean 1.24079e-11	Number of errors 0
Graduation_project:TSPC_DFF_Cell:1	C0 - 
	Delay LH:	Yield	0%
		Min 0	Max 0	Mean 0	Number of errors 100
Graduation_project:TSPC_DFF_Cell:1	C1 - 
	Delay LH:	Yield	0%
		Min 0	Max 0	Mean 0	Number of errors 100

Graduation_project:TSPC_DFF_Cell:1
	Overall Yield	100%	Number of points passed	100	Total number of points	100

Estimated yield = 100% (100/100), 100 errors
Estimated yield (No opregions) = 100% (100/100)
