Starting Single Run, Sweeps and Corners...

Current time: Mon Apr 27 18:02:10 2026 
Best design point: 1
Design specs: 
	GP_PowerDivider:PD_0.4_1.5_sch:1	corner	SS - 
	max S11		-5.236	No
	max S22		-8.111	Yes
	max S23		-10.07	Yes
	GP_PowerDivider:PD_0.4_1.5_sch:1	corner	ff - 
	max S11		-4.095	No
	max S22		-11.4	Yes
	max S23		-7.56	No
	GP_PowerDivider:PD_0.4_1.5_sch:1	corner	Nominal - 
	max S11		-4.615	No
	max S22		-9.608	Yes
	max S23		-10.32	Yes
Design parameters: 
	wireopt		19
	MOS		"tt_pre"

Interactive.25
Number of points completed: 1
Number of simulation errors: 0
Interactive.25 completed. 
Current time: Mon Apr 27 18:02:26 2026 
