Starting Single Run, Sweeps and Corners...

Current time: Mon Apr 27 14:27:24 2026 
Best design point: 1
Design specs: 
	GP_PowerDivider:PD_0.4_1.5_sch:1	corner	SS - 
	max S11		-926.6m	No
	max S22		-4.464	No
	max S23		-583.5	Yes
	GP_PowerDivider:PD_0.4_1.5_sch:1	corner	ff - 
	max S11		-678.7m	No
	max S22		-5.659	No
	max S23		-583.3	Yes
	GP_PowerDivider:PD_0.4_1.5_sch:1	corner	Nominal - 
	max S11		-807.5m	No
	max S22		-5.233	No
	max S23		-584.7	Yes
Design parameters: 
	wireopt		19
	MOS		"tt_pre"

Interactive.23
Number of points completed: 1
Number of simulation errors: 0
Interactive.23 completed. 
Current time: Mon Apr 27 14:27:40 2026 
